
Running 1 test using 1 worker

[1A[2K[1/1] [electron] ÔÇ║ tests\e2e\tab-groups.spec.ts:429:3 ÔÇ║ Tab Groups ÔÇ║ Rename a group via modal
[1A[2K[2/1] (retries) [electron] ÔÇ║ tests\e2e\tab-groups.spec.ts:429:3 ÔÇ║ Tab Groups ÔÇ║ Rename a group via modal (retry #1)
[1A[2K  1) [electron] ÔÇ║ tests\e2e\tab-groups.spec.ts:429:3 ÔÇ║ Tab Groups ÔÇ║ Rename a group via modal ÔöÇÔöÇÔöÇÔöÇÔöÇÔöÇÔöÇ

    Error: EPERM, Permission denied: \\?\C:\DEV\ultra-rpc\test-output\user-data\tab-groups-rename-modal '\\?\C:\DEV\ultra-rpc\test-output\user-data\tab-groups-rename-modal'

      13 | /** Launch Electron with a clean, isolated userData directory. */
      14 | async function launchApp(userDataDir: string) {
    > 15 |   if (fs.existsSync(userDataDir)) fs.rmSync(userDataDir, { recursive: true, force: true });
         |                                      ^
      16 |   const app = await electron.launch({
      17 |     args: ['.', '--no-sandbox', '--disable-setuid-sandbox', `--user-data-dir=${userDataDir}`, '--no-lock'],
      18 |     env: { ...process.env, NODE_ENV: 'test' },
        at launchApp (C:\DEV\ultra-rpc\tests\e2e\tab-groups.spec.ts:15:38)
        at C:\DEV\ultra-rpc\tests\e2e\tab-groups.spec.ts:430:35

    Retry #1 ÔöÇÔöÇÔöÇÔöÇÔöÇÔöÇÔöÇÔöÇÔöÇÔöÇÔöÇÔöÇÔöÇÔöÇÔöÇÔöÇÔöÇÔöÇÔöÇÔöÇÔöÇÔöÇÔöÇÔöÇÔöÇÔöÇÔöÇÔöÇÔöÇÔöÇÔöÇÔöÇÔöÇÔöÇÔöÇÔöÇÔöÇÔöÇÔöÇÔöÇÔöÇÔöÇÔöÇÔöÇÔöÇÔöÇÔöÇÔöÇÔöÇÔöÇÔöÇÔöÇÔöÇÔöÇÔöÇÔöÇÔöÇÔöÇÔöÇÔöÇÔöÇÔöÇÔöÇÔöÇÔöÇÔöÇÔöÇÔöÇÔöÇÔöÇÔöÇÔöÇÔöÇÔöÇÔöÇÔöÇÔöÇÔöÇÔöÇÔöÇÔöÇÔöÇÔöÇÔöÇÔöÇÔöÇÔöÇ

    Error: EPERM, Permission denied: \\?\C:\DEV\ultra-rpc\test-output\user-data\tab-groups-rename-modal '\\?\C:\DEV\ultra-rpc\test-output\user-data\tab-groups-rename-modal'

      13 | /** Launch Electron with a clean, isolated userData directory. */
      14 | async function launchApp(userDataDir: string) {
    > 15 |   if (fs.existsSync(userDataDir)) fs.rmSync(userDataDir, { recursive: true, force: true });
         |                                      ^
      16 |   const app = await electron.launch({
      17 |     args: ['.', '--no-sandbox', '--disable-setuid-sandbox', `--user-data-dir=${userDataDir}`, '--no-lock'],
      18 |     env: { ...process.env, NODE_ENV: 'test' },
        at launchApp (C:\DEV\ultra-rpc\tests\e2e\tab-groups.spec.ts:15:38)
        at C:\DEV\ultra-rpc\tests\e2e\tab-groups.spec.ts:430:35

    attachment #1: trace (application/zip) ÔöÇÔöÇÔöÇÔöÇÔöÇÔöÇÔöÇÔöÇÔöÇÔöÇÔöÇÔöÇÔöÇÔöÇÔöÇÔöÇÔöÇÔöÇÔöÇÔöÇÔöÇÔöÇÔöÇÔöÇÔöÇÔöÇÔöÇÔöÇÔöÇÔöÇÔöÇÔöÇÔöÇÔöÇÔöÇÔöÇÔöÇÔöÇÔöÇÔöÇÔöÇÔöÇÔöÇÔöÇÔöÇÔöÇÔöÇÔöÇÔöÇÔöÇÔöÇÔöÇÔöÇÔöÇÔöÇÔöÇÔöÇ
    test-output\results\tab-groups-Tab-Groups-Rename-a-group-via-modal-electron-retry1\trace.zip
    Usage:

        npx playwright show-trace test-output\results\tab-groups-Tab-Groups-Rename-a-group-via-modal-electron-retry1\trace.zip

    ÔöÇÔöÇÔöÇÔöÇÔöÇÔöÇÔöÇÔöÇÔöÇÔöÇÔöÇÔöÇÔöÇÔöÇÔöÇÔöÇÔöÇÔöÇÔöÇÔöÇÔöÇÔöÇÔöÇÔöÇÔöÇÔöÇÔöÇÔöÇÔöÇÔöÇÔöÇÔöÇÔöÇÔöÇÔöÇÔöÇÔöÇÔöÇÔöÇÔöÇÔöÇÔöÇÔöÇÔöÇÔöÇÔöÇÔöÇÔöÇÔöÇÔöÇÔöÇÔöÇÔöÇÔöÇÔöÇÔöÇÔöÇÔöÇÔöÇÔöÇÔöÇÔöÇÔöÇÔöÇÔöÇÔöÇÔöÇÔöÇÔöÇÔöÇÔöÇÔöÇÔöÇÔöÇÔöÇÔöÇÔöÇÔöÇÔöÇÔöÇÔöÇÔöÇÔöÇÔöÇÔöÇÔöÇÔöÇÔöÇÔöÇÔöÇÔöÇÔöÇÔöÇÔöÇÔöÇÔöÇ


[1A[2K  1 failed
    [electron] ÔÇ║ tests\e2e\tab-groups.spec.ts:429:3 ÔÇ║ Tab Groups ÔÇ║ Rename a group via modal ÔöÇÔöÇÔöÇÔöÇÔöÇÔöÇÔöÇÔöÇ
